// Jest Snapshot v1, https://goo.gl/fbAQLP

exports[`tests batch produce to dead letter topic 1`] = `
[
  {
    "headers": {
      "original-topic": "foo",
      "x-group-id": "test",
      "x-response-body": "foo foo bar bar",
      "x-response-status-code": "428",
    },
    "value": {
      "data": "foo1",
    },
  },
  {
    "headers": {
      "original-topic": "foo",
      "x-group-id": "test",
      "x-response-status-code": "428",
    },
    "value": {
      "data": "foo2",
    },
  },
  {
    "headers": {
      "original-topic": "foo",
      "x-group-id": "test",
      "x-response-status-code": "428",
    },
    "value": {
      "data": "foo3",
    },
  },
  {
    "headers": {
      "original-topic": "foo",
      "x-group-id": "test",
      "x-response-status-code": "428",
    },
    "value": {
      "data": "foo4",
    },
  },
  {
    "headers": {
      "original-topic": "foo",
      "x-group-id": "test",
      "x-response-status-code": "428",
    },
    "value": {
      "data": "foo5",
    },
  },
]
`;
