// Jest Snapshot v1, https://goo.gl/fbAQLP

exports[`tests batch consume with record filter and project 1`] = `
[
  {
    "body": [
      "foo1",
      "foo2",
    ],
    "url": "/consume",
  },
]
`;
