// Jest Snapshot v1, https://goo.gl/fbAQLP

exports[`tests should produce and consume 1`] = `
[
  {
    "body": {
      "data": "foo1",
    },
  },
  {
    "body": {
      "data": "foo2",
    },
  },
  {
    "body": {
      "data": "foo3",
    },
  },
]
`;
