// Jest Snapshot v1, https://goo.gl/fbAQLP

exports[`tests consumer should produce to dead letter topic when value is not valid JSON 1`] = `
{
  "headers": {
    "original-topic": "foo",
    "x-group-id": "test",
  },
  "value": "wat?",
}
`;
