// Jest Snapshot v1, https://goo.gl/fbAQLP

exports[`tests should produce and consume with regex patterns 1`] = `
[
  {
    "body": {
      "data": "foo",
    },
    "url": "/consume",
  },
]
`;
